// Jest Snapshot v1, https://goo.gl/fbAQLP

exports[`App renders App component 1`] = `
<Fragment>
  <BrowserRouter>
    <Switch>
      <Route
        component={[Function]}
        exact={true}
        path="/"
      />
      <Route
        component={[Function]}
        exact={true}
        path="/products"
      />
      <Route
        component={[Function]}
        exact={true}
        path="/products/:id"
      />
      <Route
        component={[Function]}
        exact={true}
        path="/cart"
      />
      <Route
        component={[Function]}
        exact={true}
        path="/purchases"
      />
    </Switch>
  </BrowserRouter>
</Fragment>
`;
