// Jest Snapshot v1, https://goo.gl/fbAQLP

exports[`Cart renders Cart component 1`] = `
<Fragment>
  <section
    className="jumbotron jumbotron-fluid text-center"
  >
    <div
      className="container py-5"
    >
      <h1
        className="display-4"
      >
        Your Cart
      </h1>
      <p
        className="lead text-muted"
      >
        A list of all your purchases.
      </p>
    </div>
  </section>
  <div
    className="py-5"
  >
    <main
      className="container"
    >
      <div
        className="row"
      >
        <div
          className="col-md-12 col-lg-12"
        />
      </div>
      <div
        className="col-md-6 col-lg-4"
      >
        <Link
          className="btn btn-lg btn-secondary"
          to="/products"
        >
          Back to Products
        </Link>
        <div
          className="text-right mb-3 right"
        >
          <a
            className="btn btn-lg btn-info"
            onClick={[Function]}
          >
            Buy
          </a>
        </div>
      </div>
    </main>
  </div>
</Fragment>
`;
